Error type 4294967295 at Line 2: undefined type [scope = cmmc::TypeLookupSpace::Struct] named node
Error type 4294967295 at Line 3: undefined type [scope = cmmc::TypeLookupSpace::Struct] named node
