Error type 9 at Line 9: unmatching type for function call
Error type 9 at Line 9: unmatching type for function call
Error type 9 at Line 10: unmatching type for function call
Error type 9 at Line 11: invalid argument number for foo, expect 2, got 1
Error type 11 at Line 13: invoking non-function variable: a
