Error type A at Line 3: unknown lexeme \xE2
Error type A at Line 3: unknown lexeme \x80
Error type A at Line 3: unknown lexeme \x8B
