Error type B at Line 1: Prefix 'struct' is not allowed to be used for built-in types
