Program (1)
  ExtDefList (1)
    ExtDef (1)
      Specifier (1)
        TYPE: int
      FunDec (1)
        ID: main
        LP
        RP
      CompSt (1)
        LC
        DefList (2)
          Def (2)
            Specifier (2)
              TYPE: int
            DecList (2)
              Dec (2)
                VarDec (2)
                  ID: a
                ASSIGN
                Exp (2)
                  INT: 0
            SEMI
        StmtList (3)
          Stmt (3)
            Exp (3)
              Exp (3)
                ID: a
              PLUS_ASSIGN
              Exp (3)
                INT: 1
            SEMI
          StmtList (4)
            Stmt (4)
              Exp (4)
                Exp (4)
                  ID: a
                MINUS_ASSIGN
                Exp (4)
                  INT: 1
              SEMI
            StmtList (5)
              Stmt (5)
                Exp (5)
                  Exp (5)
                    ID: a
                  MUL_ASSIGN
                  Exp (5)
                    INT: 1
                SEMI
              StmtList (6)
                Stmt (6)
                  Exp (6)
                    Exp (6)
                      ID: a
                    DIV_ASSIGN
                    Exp (6)
                      INT: 1
                  SEMI
                StmtList (7)
                  Stmt (7)
                    RETURN
                    Exp (7)
                      ID: a
                    SEMI
        RC
