Program (1)
  ExtDefList (1)
    ExtDef (1)
      Specifier (1)
        TYPE: int
      FunDec (1)
        ID: main
        LP
        RP
      CompSt (1)
        LC
        DefList (2)
          Def (2)
            Specifier (2)
              TYPE: int
            DecList (2)
              Dec (2)
                VarDec (2)
                  ID: a
                ASSIGN
                Exp (2)
                  INT: 1
            SEMI
          DefList (3)
            Def (3)
              Specifier (3)
                TYPE: int
              DecList (3)
                Dec (3)
                  VarDec (3)
                    ID: b
                  ASSIGN
                  Exp (3)
                    INT: 0
              SEMI
        StmtList (4)
          Stmt (4)
            Exp (4)
              Exp (4)
                LP
                Exp (4)
                  Exp (4)
                    ID: b
                  QUEST
                  Exp (4)
                    ID: a
                  COLON
                  Exp (4)
                    ID: b
                RP
              ASSIGN
              Exp (4)
                INT: 1
            SEMI
          StmtList (5)
            Stmt (5)
              RETURN
              Exp (5)
                Exp (5)
                  INT: 1
                QUEST
                Exp (5)
                  INT: 0
                COLON
                Exp (5)
                  INT: 1
              SEMI
        RC
